// Jest Snapshot v1, https://goo.gl/fbAQLP

exports[`Create an emtpy Deque 1`] = `
Deque {
  "_comparator": [Function],
  "_end": null,
  "_events": Object {},
  "_eventsCount": 0,
  "_first": null,
  "_last": null,
  "_length": 0,
  "_maxListeners": undefined,
  "_maxSize": 0,
  "_nil": Node {
    "_options": Object {
      "children": Array [],
      "color": 1,
      "data": null,
      "id": null,
      "left": null,
      "parent": null,
      "parentId": null,
      "right": null,
    },
    "children": Array [],
    "color": 1,
    "data": null,
    "id": null,
    "left": null,
    "parent": null,
    "parentId": null,
    "right": null,
  },
  "_root": null,
  "push": [Function],
}
`;
